`torch_dtype` is deprecated! Use `dtype` instead!
Using base model: Qwen/Qwen2.5-7B-Instruct
================================================================================
Testing Model: Chadi1992/qwen2.5-7b-folio
================================================================================

Test Prompt:
Given the following premises:
1. All humans are mortal.
2. Socrates is a human.

Question: Is Socrates mortal?

Answer:

--------------------------------------------------------------------------------

[1/4] Loading base model: Qwen/Qwen2.5-7B-Instruct
Loading checkpoint shards:   0%|          | 0/4 [00:00<?, ?it/s]Loading checkpoint shards:  25%|██▌       | 1/4 [00:00<00:02,  1.37it/s]Loading checkpoint shards:  50%|█████     | 2/4 [00:01<00:01,  1.28it/s]Loading checkpoint shards:  75%|███████▌  | 3/4 [00:02<00:00,  1.24it/s]Loading checkpoint shards: 100%|██████████| 4/4 [00:03<00:00,  1.31it/s]Loading checkpoint shards: 100%|██████████| 4/4 [00:03<00:00,  1.30it/s]
✓ Base model loaded successfully

[2/4] Loading tokenizer from: Qwen/Qwen2.5-7B-Instruct
✓ Tokenizer loaded successfully

[3/4] Loading LoRA adapter from: Chadi1992/qwen2.5-7b-folio
✓ LoRA adapter loaded successfully

[4/4] Running inference...

================================================================================
MODEL OUTPUT:
================================================================================
Given the following premises:
1. All humans are mortal.
2. Socrates is a human.

Question: Is Socrates mortal?

Answer: Based on the given premises, we can logically conclude that Socrates is mortal because all humans are mortal and Socrates is a human. Therefore, the correct answer is:

Options:
A) Yes
B) No
C) Unknown

The correct option is A.
================================================================================

Extracted Answer:
Based on the given premises, we can logically conclude that Socrates is mortal because all humans are mortal and Socrates is a human. Therefore, the correct answer is:

Options:
A) Yes
B) No
C) Unknown

The correct option is A.

✓ Test completed successfully!
